nohup: ignoring input

> @txodds-wc/api@1.0.0 start
> ts-node -r tsconfig-paths/register src/index.ts

{"ts":"2026-06-26T18:59:31.363Z","msg":"API running on http://localhost:3001"}
nohup: ignoring input

> @txodds-wc/api@1.0.0 start
> ts-node -r tsconfig-paths/register src/index.ts

(node:32171) [DEP0040] DeprecationWarning: The `punycode` module is deprecated. Please use a userland alternative instead.
(Use `node --trace-deprecation ...` to show where the warning was created)
Error: listen EADDRINUSE: address already in use :::3001
    at Server.setupListenHandle [as _listen2] (node:net:1940:16)
    at listenInCluster (node:net:1997:12)
    at Server.listen (node:net:2102:7)
    at Function.listen (/home/mateus/txodds-worldcup/node_modules/express/lib/application.js:635:24)
    at Object.<anonymous> (/home/mateus/txodds-worldcup/packages/api/src/index.ts:355:5)
    at Module._compile (node:internal/modules/cjs/loader:1705:14)
    at Module.m._compile (/home/mateus/txodds-worldcup/node_modules/ts-node/src/index.ts:1618:23)
    at node:internal/modules/cjs/loader:1838:10
    at Object.require.extensions.<computed> [as .ts] (/home/mateus/txodds-worldcup/node_modules/ts-node/src/index.ts:1621:12)
    at Module.load (node:internal/modules/cjs/loader:1441:32) {
  code: 'EADDRINUSE',
  errno: -98,
  syscall: 'listen',
  address: '::',
  port: 3001
}
npm error Lifecycle script `start` failed with error:
npm error code 1
npm error path /home/mateus/txodds-worldcup/packages/api
npm error workspace @txodds-wc/api@1.0.0
npm error location /home/mateus/txodds-worldcup/packages/api
npm error command failed
npm error command sh -c ts-node -r tsconfig-paths/register src/index.ts
Terminated
npm error Lifecycle script `start` failed with error:
npm error code 143
npm error path /home/mateus/txodds-worldcup/packages/api
npm error workspace @txodds-wc/api@1.0.0
npm error location /home/mateus/txodds-worldcup/packages/api
npm error command failed
npm error command sh -c ts-node -r tsconfig-paths/register src/index.ts
nohup: ignoring input

> @txodds-wc/api@1.0.0 start
> ts-node -r tsconfig-paths/register src/index.ts

(node:32201) [DEP0040] DeprecationWarning: The `punycode` module is deprecated. Please use a userland alternative instead.
(Use `node --trace-deprecation ...` to show where the warning was created)
{"ts":"2026-06-26T19:50:10.059Z","msg":"API running on http://localhost:3001"}
Terminated
npm error Lifecycle script `start` failed with error:
npm error code 143
npm error path /home/mateus/txodds-worldcup/packages/api
npm error workspace @txodds-wc/api@1.0.0
npm error location /home/mateus/txodds-worldcup/packages/api
npm error command failed
npm error command sh -c ts-node -r tsconfig-paths/register src/index.ts
nohup: ignoring input

> @txodds-wc/api@1.0.0 start
> ts-node -r tsconfig-paths/register src/index.ts

{"ts":"2026-06-26T19:51:06.154Z","msg":"API running on http://localhost:3001"}
nohup: ignoring input

> @txodds-wc/api@1.0.0 start
> ts-node -r tsconfig-paths/register src/index.ts

{"ts":"2026-06-30T17:42:35.750Z","msg":"API running on http://localhost:3001"}
Terminated
npm error Lifecycle script `start` failed with error:
npm error code 143
npm error path /home/mateus/txodds-worldcup/packages/api
npm error workspace @txodds-wc/api@1.0.0
npm error location /home/mateus/txodds-worldcup/packages/api
npm error command failed
npm error command sh -c ts-node -r tsconfig-paths/register src/index.ts
nohup: ignoring input

> @txodds-wc/api@1.0.0 start
> ts-node -r tsconfig-paths/register src/index.ts

{"ts":"2026-07-01T01:52:54.779Z","msg":"API running on http://localhost:3001"}
nohup: ignoring input

> @txodds-wc/api@1.0.0 start
> ts-node -r tsconfig-paths/register src/index.ts

{"ts":"2026-07-03T18:46:40.935Z","msg":"API running on http://localhost:3001"}
nohup: ignoring input

> @txodds-wc/api@1.0.0 start
> ts-node -r tsconfig-paths/register src/index.ts

{"ts":"2026-07-05T01:32:11.872Z","msg":"API running on http://localhost:3001"}
